node.exe : D:\Resume2026\DeepSeekProjects\revakdesainer\node_mo
dules\ts-node\src\index.ts:859
At C:\nvm4w\nodejs\npx.ps1:16 char:5
+     & "$basedir/node$exe"  
"$basedir/node_modules/npm/bin/npx-cli.js" ...
+     ~~~~~~~~~~~~~~~~~~~~~~~~~~~~~~~~~~~~~~~~~~~~~~~~~~~~~~~~~
~~~~~~~~
    + CategoryInfo          : NotSpecified: (D:\Resume2026\D.. 
   .rc\index.ts:859:String) [], RemoteException
    + FullyQualifiedErrorId : NativeCommandError
 
    return new TSError(diagnosticText, diagnosticCodes, 
diagnostics);
           ^
TSError: Γ¿» Unable to compile TypeScript:
src/engine.ts(154,7): error TS2740: Type 
'Uint8Array<ArrayBufferLike>' is missing the following 
properties from type 'Buffer<ArrayBufferLike>': write, toJSON, 
equals, compare, and 66 more.

    at createTSError (D:\Resume2026\DeepSeekProjects\revakdesai
ner\node_modules\ts-node\src\index.ts:859:12)
    at reportTSError (D:\Resume2026\DeepSeekProjects\revakdesai
ner\node_modules\ts-node\src\index.ts:863:19)
    at getOutput (D:\Resume2026\DeepSeekProjects\revakdesainer\
node_modules\ts-node\src\index.ts:1077:36)
    at Object.compile (D:\Resume2026\DeepSeekProjects\revakdesa
iner\node_modules\ts-node\src\index.ts:1433:41)
    at Module.m._compile (D:\Resume2026\DeepSeekProjects\revakd
esainer\node_modules\ts-node\src\index.ts:1617:30)
    at Module._extensions..js 
(node:internal/modules/cjs/loader:1623:10)
    at Object.require.extensions.<computed> [as .ts] (D:\Resume
2026\DeepSeekProjects\revakdesainer\node_modules\ts-node\src\in
dex.ts:1621:12)
    at Module.load (node:internal/modules/cjs/loader:1266:32)
    at Function.Module._load 
(node:internal/modules/cjs/loader:1091:12)
    at Module.require 
(node:internal/modules/cjs/loader:1289:19) {
  diagnosticCodes: [ 2740 ]
}
